[burgerworldsol.xyz/index.html]
[burgerworldsol.xyz/favicon.ico]
[burgerworldsol.xyz/assets/plugins/fontawesome/js/all.js]
[burgerworldsol.xyz/assets/plugins/bootstrap/css/bootstrap.min.css]
[burgerworldsol.xyz/assets/css/style.css]
[burgerworldsol.xyz/assets/css/animation.css]
[burgerworldsol.xyz/assets/plugins/slick/slick.css]
[burgerworldsol.xyz/assets/js/jquery-3.6.0.min.js]
[burgerworldsol.xyz/apple-touch-icon.png]
[burgerworldsol.xyz/favicon-32x32.png]
[burgerworldsol.xyz/favicon-16x16.png]
[backblue.gif]
[fade.gif]
[index.html]
[burgerworldsol.xyz/site.webmanifest]
[burgerworldsol.xyz/assets/music.mp3]
[burgerworldsol.xyz/assets/inside-music.mp3]
[burgerworldsol.xyz/assets/trash-music.mp3]
[burgerworldsol.xyz/assets/beavis.mp3]
[burgerworldsol.xyz/assets/images/btn-goback.png]
[burgerworldsol.xyz/assets/images/background-resto.png]
[burgerworldsol.xyz/assets/images/burger-ticker.png]
[burgerworldsol.xyz/assets/images/btn-come-inside.png]
[burgerworldsol.xyz/assets/images/btn-drive-thru.png]
[burgerworldsol.xyz/assets/images/btn-take-out-trash.png]
[burgerworldsol.xyz/assets/images/logo-post.png]
[burgerworldsol.xyz/assets/images/rat.png]
[burgerworldsol.xyz/assets/images/lambo.png]
[burgerworldsol.xyz/assets/images/lamboo-2.png]
[burgerworldsol.xyz/assets/images/char-1.png]
[burgerworldsol.xyz/assets/images/char-2.png]
[burgerworldsol.xyz/assets/images/char-3.png]
[burgerworldsol.xyz/assets/images/char-14.png]
[burgerworldsol.xyz/assets/images/resto-inside.png]
[burgerworldsol.xyz/assets/images/btn-whats-cooking.png]
[burgerworldsol.xyz/assets/images/btn-look-arround.png]
[burgerworldsol.xyz/assets/images/x-icon.png]
[burgerworldsol.xyz/assets/images/telegram-icon.png]
[burgerworldsol.xyz/assets/images/dex-icon.png]
[burgerworldsol.xyz/assets/images/char-4.png]
[burgerworldsol.xyz/assets/images/char-5.png]
[burgerworldsol.xyz/assets/images/char-15.png]
[burgerworldsol.xyz/assets/images/char-17.png]
[burgerworldsol.xyz/assets/images/burger.png]
[burgerworldsol.xyz/assets/images/fries.png]
[burgerworldsol.xyz/assets/images/drive-thru.png]
[burgerworldsol.xyz/assets/images/burger-world.png]
[burgerworldsol.xyz/assets/images/w-burger.png]
[burgerworldsol.xyz/assets/images/drinks.png]
[burgerworldsol.xyz/assets/images/char-8.png]
[burgerworldsol.xyz/assets/images/char-9.png]
[burgerworldsol.xyz/assets/images/drinks-2.png]
[burgerworldsol.xyz/assets/images/take-out.png]
[burgerworldsol.xyz/assets/images/btn-send-here.png]
[burgerworldsol.xyz/assets/images/char-10.png]
[burgerworldsol.xyz/assets/images/dapur.png]
[burgerworldsol.xyz/assets/images/menu.png]
[burgerworldsol.xyz/assets/images/billion-token.png]
[burgerworldsol.xyz/assets/images/solana.png]
[burgerworldsol.xyz/assets/images/char-6.png]
[burgerworldsol.xyz/assets/images/look-around.png]
[burgerworldsol.xyz/assets/images/food-floor.png]
[cdn.jsdelivr.net/particles.js/2.0.0/particles.min.js]
[burgerworldsol.xyz/assets/js/jquery.min.js]
[burgerworldsol.xyz/assets/plugins/bootstrap/js/bootstrap.min.js]
[burgerworldsol.xyz/assets/plugins/slick/slick.min.js]
[burgerworldsol.xyz/index.html]
[burgerworldsol.xyz/assets/plugins/bootstrap/css/bootstrap.min.css]
[burgerworldsol.xyz/assets/js/main.js]
[burgerworldsol.xyz/assets/font/VlumpBlack.woff2]
[burgerworldsol.xyz/assets/font/VlumpBlack.woff]
[burgerworldsol.xyz/assets/font/Oxygen-Light.woff2]
[burgerworldsol.xyz/assets/font/Oxygen-Light.woff]
[burgerworldsol.xyz/assets/font/Oxygen-Regular.woff2]
[burgerworldsol.xyz/assets/font/Oxygen-Regular.woff]
[burgerworldsol.xyz/assets/css/style.css]
[burgerworldsol.xyz/assets/css/animation.css]
[burgerworldsol.xyz/assets/plugins/slick/slick.css]
